TAP version 13
ok 1 - Icecave\Siphon\Atom\AtomReaderTest::testRead
ok 2 - Icecave\Siphon\Atom\AtomReaderTest::testReadWithSpecificFeed
ok 3 - Icecave\Siphon\Atom\AtomReaderTest::testReadWithLimit
ok 4 - Icecave\Siphon\Atom\AtomReaderTest::testReadDescending
ok 5 - Icecave\Siphon\Atom\AtomReaderTest::testReadWithUnsupportedRequest
ok 6 - Icecave\Siphon\Atom\AtomReaderTest::testIsSupported
ok 7 - Icecave\Siphon\Atom\AtomRequestTest::testUpdatedTime
ok 8 - Icecave\Siphon\Atom\AtomRequestTest::testFeed
ok 9 - Icecave\Siphon\Atom\AtomRequestTest::testLimit
ok 10 - Icecave\Siphon\Atom\AtomRequestTest::testLimitWithInvalidValue
ok 11 - Icecave\Siphon\Atom\AtomRequestTest::testOrder
ok 12 - Icecave\Siphon\Atom\AtomRequestTest::testOrderWithInvalidValue
ok 13 - Icecave\Siphon\Atom\AtomRequestTest::testAccept
ok 14 - Icecave\Siphon\Atom\AtomRequestTest::testSerialize
ok 15 - Icecave\Siphon\Atom\AtomRequestTest::testToString
ok 16 - Icecave\Siphon\Atom\AtomResponseTest::testUpdatedTime
ok 17 - Icecave\Siphon\Atom\AtomResponseTest::testIsEmpty
ok 18 - Icecave\Siphon\Atom\AtomResponseTest::testCount
ok 19 - Icecave\Siphon\Atom\AtomResponseTest::testGetIterator
ok 20 - Icecave\Siphon\Atom\AtomResponseTest::testAdd
ok 21 - Icecave\Siphon\Atom\AtomResponseTest::testAddDoesNotDuplicate
ok 22 - Icecave\Siphon\Atom\AtomResponseTest::testRemove
ok 23 - Icecave\Siphon\Atom\AtomResponseTest::testRemoveUnknownRequest
ok 24 - Icecave\Siphon\Atom\AtomResponseTest::testClear
ok 25 - Icecave\Siphon\Atom\AtomResponseTest::testAccept
ok 26 - Icecave\Siphon\DispatcherTest::testCreate
ok 27 - Icecave\Siphon\DispatcherTest::testUrlBuilder
ok 28 - Icecave\Siphon\DispatcherTest::testXmlReader
ok 29 - Icecave\Siphon\DispatcherTest::testReadAtomRequest
ok 30 - Icecave\Siphon\DispatcherTest::testScheduleRequest
ok 31 - Icecave\Siphon\DispatcherTest::testTeamRequest
ok 32 - Icecave\Siphon\DispatcherTest::testPlayerRequest
ok 33 - Icecave\Siphon\DispatcherTest::testPlayerStatisticsRequest
ok 34 - Icecave\Siphon\DispatcherTest::testImageRequest
ok 35 - Icecave\Siphon\DispatcherTest::testInjuryRequest
ok 36 - Icecave\Siphon\DispatcherTest::testLiveScoreRequest
ok 37 - Icecave\Siphon\DispatcherTest::testBoxScoreRequest
ok 38 - Icecave\Siphon\Player\Image\ImageReaderTest::testRead
ok 39 - Icecave\Siphon\Player\Image\ImageReaderTest::testReadEmpty
ok 40 - Icecave\Siphon\Player\Image\ImageReaderTest::testReadWithUnsupportedRequest
ok 41 - Icecave\Siphon\Player\Image\ImageReaderTest::testIsSupported
ok 42 - Icecave\Siphon\Player\Image\ImageRequestTest::testSport
ok 43 - Icecave\Siphon\Player\Image\ImageRequestTest::testSeasonName
ok 44 - Icecave\Siphon\Player\Image\ImageRequestTest::testTeamId
ok 45 - Icecave\Siphon\Player\Image\ImageRequestTest::testTeamIdWithString
ok 46 - Icecave\Siphon\Player\Image\ImageRequestTest::testAccept
ok 47 - Icecave\Siphon\Player\Image\ImageRequestTest::testSerialize
ok 48 - Icecave\Siphon\Player\Image\ImageRequestTest::testToString
ok 49 - Icecave\Siphon\Player\Image\ImageResponseTest::testSport
ok 50 - Icecave\Siphon\Player\Image\ImageResponseTest::testSeason
ok 51 - Icecave\Siphon\Player\Image\ImageResponseTest::testTeam
ok 52 - Icecave\Siphon\Player\Image\ImageResponseTest::testIsEmpty
ok 53 - Icecave\Siphon\Player\Image\ImageResponseTest::testCount
ok 54 - Icecave\Siphon\Player\Image\ImageResponseTest::testGetIterator
ok 55 - Icecave\Siphon\Player\Image\ImageResponseTest::testAdd
ok 56 - Icecave\Siphon\Player\Image\ImageResponseTest::testAddDoesNotDuplicate
ok 57 - Icecave\Siphon\Player\Image\ImageResponseTest::testRemove
ok 58 - Icecave\Siphon\Player\Image\ImageResponseTest::testRemoveUnknownPlayer
ok 59 - Icecave\Siphon\Player\Image\ImageResponseTest::testClear
ok 60 - Icecave\Siphon\Player\Image\ImageResponseTest::testAccept
ok 61 - Icecave\Siphon\Player\Injury\InjuryReaderTest::testRead
ok 62 - Icecave\Siphon\Player\Injury\InjuryReaderTest::testReadWithUnsupportedRequest
ok 63 - Icecave\Siphon\Player\Injury\InjuryReaderTest::testIsSupported
ok 64 - Icecave\Siphon\Player\Injury\InjuryRequestTest::testSport
ok 65 - Icecave\Siphon\Player\Injury\InjuryRequestTest::testAccept
ok 66 - Icecave\Siphon\Player\Injury\InjuryRequestTest::testSerialize
ok 67 - Icecave\Siphon\Player\Injury\InjuryRequestTest::testToString
ok 68 - Icecave\Siphon\Player\Injury\InjuryResponseTest::testSport
ok 69 - Icecave\Siphon\Player\Injury\InjuryResponseTest::testIsEmpty
ok 70 - Icecave\Siphon\Player\Injury\InjuryResponseTest::testCount
ok 71 - Icecave\Siphon\Player\Injury\InjuryResponseTest::testGetIterator
ok 72 - Icecave\Siphon\Player\Injury\InjuryResponseTest::testAdd
ok 73 - Icecave\Siphon\Player\Injury\InjuryResponseTest::testAddDoesNotDuplicate
ok 74 - Icecave\Siphon\Player\Injury\InjuryResponseTest::testRemove
ok 75 - Icecave\Siphon\Player\Injury\InjuryResponseTest::testRemoveUnknownPlayer
ok 76 - Icecave\Siphon\Player\Injury\InjuryResponseTest::testClear
ok 77 - Icecave\Siphon\Player\Injury\InjuryResponseTest::testAccept
ok 78 - Icecave\Siphon\Player\Injury\InjuryTest::testId
ok 79 - Icecave\Siphon\Player\Injury\InjuryTest::testLocation
ok 80 - Icecave\Siphon\Player\Injury\InjuryTest::testStatus
ok 81 - Icecave\Siphon\Player\Injury\InjuryTest::testStatusInformation
ok 82 - Icecave\Siphon\Player\Injury\InjuryTest::testStatusNote
ok 83 - Icecave\Siphon\Player\Injury\InjuryTest::testStartDate
ok 84 - Icecave\Siphon\Player\Injury\InjuryTest::testUpdatedTime
ok 85 - Icecave\Siphon\Player\PlayerReaderTest::testRead
ok 86 - Icecave\Siphon\Player\PlayerReaderTest::testReadEmpty
ok 87 - Icecave\Siphon\Player\PlayerReaderTest::testReadWithUnsupportedRequest
ok 88 - Icecave\Siphon\Player\PlayerReaderTest::testIsSupported
ok 89 - Icecave\Siphon\Player\PlayerRequestTest::testSport
ok 90 - Icecave\Siphon\Player\PlayerRequestTest::testSeasonName
ok 91 - Icecave\Siphon\Player\PlayerRequestTest::testTeamId
ok 92 - Icecave\Siphon\Player\PlayerRequestTest::testTeamIdWithString
ok 93 - Icecave\Siphon\Player\PlayerRequestTest::testAccept
ok 94 - Icecave\Siphon\Player\PlayerRequestTest::testSerialize
ok 95 - Icecave\Siphon\Player\PlayerRequestTest::testToString
ok 96 - Icecave\Siphon\Player\PlayerResponseTest::testSport
ok 97 - Icecave\Siphon\Player\PlayerResponseTest::testSeason
ok 98 - Icecave\Siphon\Player\PlayerResponseTest::testTeam
ok 99 - Icecave\Siphon\Player\PlayerResponseTest::testIsEmpty
ok 100 - Icecave\Siphon\Player\PlayerResponseTest::testCount
ok 101 - Icecave\Siphon\Player\PlayerResponseTest::testGetIterator
ok 102 - Icecave\Siphon\Player\PlayerResponseTest::testAdd
ok 103 - Icecave\Siphon\Player\PlayerResponseTest::testAddDoesNotDuplicate
ok 104 - Icecave\Siphon\Player\PlayerResponseTest::testRemove
ok 105 - Icecave\Siphon\Player\PlayerResponseTest::testRemoveUnknownPlayer
ok 106 - Icecave\Siphon\Player\PlayerResponseTest::testClear
ok 107 - Icecave\Siphon\Player\PlayerResponseTest::testAccept
ok 108 - Icecave\Siphon\Player\PlayerSeasonDetailsTest::testNumber
ok 109 - Icecave\Siphon\Player\PlayerSeasonDetailsTest::testPosition
ok 110 - Icecave\Siphon\Player\PlayerSeasonDetailsTest::testPositionName
ok 111 - Icecave\Siphon\Player\PlayerSeasonDetailsTest::testIsActive
ok 112 - Icecave\Siphon\Player\PlayerTest::testId
ok 113 - Icecave\Siphon\Player\PlayerTest::testFirstName
ok 114 - Icecave\Siphon\Player\PlayerTest::testLastName
ok 115 - Icecave\Siphon\Player\PlayerTest::testDisplayName
ok 116 - Icecave\Siphon\Player\PlayerTest::testDisplayNameWithEmptyLastName
ok 117 - Icecave\Siphon\Player\Statistics\PlayerStatisticsReaderTest::testRead
ok 118 - Icecave\Siphon\Player\Statistics\PlayerStatisticsReaderTest::testReadSplitStats
ok 119 - Icecave\Siphon\Player\Statistics\PlayerStatisticsReaderTest::testReadEmpty
ok 120 - Icecave\Siphon\Player\Statistics\PlayerStatisticsReaderTest::testReadWithUnsupportedRequest
ok 121 - Icecave\Siphon\Player\Statistics\PlayerStatisticsReaderTest::testIsSupported
ok 122 - Icecave\Siphon\Player\Statistics\PlayerStatisticsRequestTest::testSport
ok 123 - Icecave\Siphon\Player\Statistics\PlayerStatisticsRequestTest::testSeasonName
ok 124 - Icecave\Siphon\Player\Statistics\PlayerStatisticsRequestTest::testTeamId
ok 125 - Icecave\Siphon\Player\Statistics\PlayerStatisticsRequestTest::testTeamIdWithString
ok 126 - Icecave\Siphon\Player\Statistics\PlayerStatisticsRequestTest::testType
ok 127 - Icecave\Siphon\Player\Statistics\PlayerStatisticsRequestTest::testAccept
ok 128 - Icecave\Siphon\Player\Statistics\PlayerStatisticsRequestTest::testSerialize
ok 129 - Icecave\Siphon\Player\Statistics\PlayerStatisticsRequestTest::testToString
ok 130 - Icecave\Siphon\Player\Statistics\PlayerStatisticsResponseTest::testSport
ok 131 - Icecave\Siphon\Player\Statistics\PlayerStatisticsResponseTest::testSeason
ok 132 - Icecave\Siphon\Player\Statistics\PlayerStatisticsResponseTest::testTeam
ok 133 - Icecave\Siphon\Player\Statistics\PlayerStatisticsResponseTest::testType
ok 134 - Icecave\Siphon\Player\Statistics\PlayerStatisticsResponseTest::testIsEmpty
ok 135 - Icecave\Siphon\Player\Statistics\PlayerStatisticsResponseTest::testCount
ok 136 - Icecave\Siphon\Player\Statistics\PlayerStatisticsResponseTest::testGetIterator
ok 137 - Icecave\Siphon\Player\Statistics\PlayerStatisticsResponseTest::testAdd
ok 138 - Icecave\Siphon\Player\Statistics\PlayerStatisticsResponseTest::testAddDoesNotDuplicate
ok 139 - Icecave\Siphon\Player\Statistics\PlayerStatisticsResponseTest::testRemove
ok 140 - Icecave\Siphon\Player\Statistics\PlayerStatisticsResponseTest::testRemoveUnknownPlayer
ok 141 - Icecave\Siphon\Player\Statistics\PlayerStatisticsResponseTest::testClear
ok 142 - Icecave\Siphon\Player\Statistics\PlayerStatisticsResponseTest::testAccept
ok 143 - Icecave\Siphon\Reader\RequestFactoryTest::testCreate with data set "atom" ('/Atom?newerThan=2010-01-02T03:04:05Z', Icecave\Siphon\Atom\AtomRequest Object (...))
ok 144 - Icecave\Siphon\Reader\RequestFactoryTest::testCreate with data set "atom with feed" ('/Atom?newerThan=2010-01-02T03...d=/foo', Icecave\Siphon\Atom\AtomRequest Object (...))
ok 145 - Icecave\Siphon\Reader\RequestFactoryTest::testCreate with data set "atom with limit" ('/Atom?newerThan=2010-01-02T03...it=100', Icecave\Siphon\Atom\AtomRequest Object (...))
ok 146 - Icecave\Siphon\Reader\RequestFactoryTest::testCreate with data set "atom with asc order" ('/Atom?newerThan=2010-01-02T03...er=asc', Icecave\Siphon\Atom\AtomRequest Object (...))
ok 147 - Icecave\Siphon\Reader\RequestFactoryTest::testCreate with data set "atom with desc order" ('/Atom?newerThan=2010-01-02T03...r=desc', Icecave\Siphon\Atom\AtomRequest Object (...))
ok 148 - Icecave\Siphon\Reader\RequestFactoryTest::testCreate with data set "schedule" ('/sport/v2/baseball/MLB/schedu...LB.xml', Icecave\Siphon\Schedule\ScheduleRequest Object (...))
ok 149 - Icecave\Siphon\Reader\RequestFactoryTest::testCreate with data set "schedule with limit" ('/sport/v2/baseball/MLB/schedu...ys.xml', Icecave\Siphon\Schedule\ScheduleRequest Object (...))
ok 150 - Icecave\Siphon\Reader\RequestFactoryTest::testCreate with data set "schedule with deleted competitions" ('/sport/v2/baseball/MLB/games-...LB.xml', Icecave\Siphon\Schedule\ScheduleRequest Object (...))
ok 151 - Icecave\Siphon\Reader\RequestFactoryTest::testCreate with data set "team" ('/sport/v2/baseball/MLB/teams/...LB.xml', Icecave\Siphon\Team\TeamRequest Object (...))
ok 152 - Icecave\Siphon\Reader\RequestFactoryTest::testCreate with data set "player" ('/sport/v2/baseball/MLB/player...LB.xml', Icecave\Siphon\Player\PlayerRequest Object (...))
ok 153 - Icecave\Siphon\Reader\RequestFactoryTest::testCreate with data set "player statistics (combined)" ('/sport/v2/baseball/MLB/player...LB.xml', Icecave\Siphon\Player\Statistics\PlayerStatisticsRequest Object (...))
ok 154 - Icecave\Siphon\Reader\RequestFactoryTest::testCreate with data set "player statistics (split)" ('/sport/v2/baseball/MLB/player...LB.xml', Icecave\Siphon\Player\Statistics\PlayerStatisticsRequest Object (...))
ok 155 - Icecave\Siphon\Reader\RequestFactoryTest::testCreate with data set "player images" ('/sport/v2/baseball/MLB/player...LB.xml', Icecave\Siphon\Player\Image\ImageRequest Object (...))
ok 156 - Icecave\Siphon\Reader\RequestFactoryTest::testCreate with data set "player injuries" ('/sport/v2/baseball/MLB/injuri...LB.xml', Icecave\Siphon\Player\Injury\InjuryRequest Object (...))
ok 157 - Icecave\Siphon\Reader\RequestFactoryTest::testCreate with data set "live scores" ('/sport/v2/baseball/MLB/livesc...45.xml', Icecave\Siphon\Score\LiveScore\LiveScoreRequest Object (...))
ok 158 - Icecave\Siphon\Reader\RequestFactoryTest::testCreate with data set "box scores" ('/sport/v2/baseball/MLB/boxsco...45.xml', Icecave\Siphon\Score\BoxScore\BoxScoreRequest Object (...))
ok 159 - Icecave\Siphon\Reader\RequestFactoryTest::testCreateWithUnsupportedUrl
ok 160 - Icecave\Siphon\Reader\UrlBuilderTest::testBuild
ok 161 - Icecave\Siphon\Reader\UrlBuilderTest::testBuildWithParameters
ok 162 - Icecave\Siphon\Reader\UrlBuilderTest::testBuildWithInvalidResource
ok 163 - Icecave\Siphon\Reader\UrlBuilderTest::testExtract
ok 164 - Icecave\Siphon\Reader\UrlBuilderTest::testExtractWithNoPath
ok 165 - Icecave\Siphon\Reader\UrlBuilderTest::testExtractWithParameters
ok 166 - Icecave\Siphon\Reader\UrlBuilderTest::testExtractWithUnrecognizedUrl
ok 167 - Icecave\Siphon\Reader\XmlReaderTest::testRead
ok 168 - Icecave\Siphon\Reader\XmlReaderTest::testReadWithHttpClientException
ok 169 - Icecave\Siphon\Reader\XmlReaderTest::testReadWithNotFoundException
ok 170 - Icecave\Siphon\Reader\XmlReaderTest::testReadWithGenericException
ok 171 - Icecave\Siphon\Reader\XmlReaderTest::testXmlParseErrorWithServiceUnavailableException
ok 172 - Icecave\Siphon\Schedule\CompetitionRefTest::testId
ok 173 - Icecave\Siphon\Schedule\CompetitionRefTest::testStatus
ok 174 - Icecave\Siphon\Schedule\CompetitionRefTest::testStartTime
ok 175 - Icecave\Siphon\Schedule\CompetitionRefTest::testSport
ok 176 - Icecave\Siphon\Schedule\CompetitionRefTest::testHomeTeam
ok 177 - Icecave\Siphon\Schedule\CompetitionRefTest::testAwayTeam
ok 178 - Icecave\Siphon\Schedule\CompetitionTest::testId
ok 179 - Icecave\Siphon\Schedule\CompetitionTest::testStatus
ok 180 - Icecave\Siphon\Schedule\CompetitionTest::testStartTime
ok 181 - Icecave\Siphon\Schedule\CompetitionTest::testSeason
ok 182 - Icecave\Siphon\Schedule\CompetitionTest::testSport
ok 183 - Icecave\Siphon\Schedule\CompetitionTest::testHomeTeam
ok 184 - Icecave\Siphon\Schedule\CompetitionTest::testAwayTeam
ok 185 - Icecave\Siphon\Schedule\CompetitionTest::testAddNotablePlayer
ok 186 - Icecave\Siphon\Schedule\CompetitionTest::testRemoveNotablePlayer
ok 187 - Icecave\Siphon\Schedule\CompetitionTest::testRemoveNotablePlayerWithUnknownPlayer
ok 188 - Icecave\Siphon\Schedule\ScheduleReaderTest::testReadFullSchedule
ok 189 - Icecave\Siphon\Schedule\ScheduleReaderTest::testReadLimitedSchedule
ok 190 - Icecave\Siphon\Schedule\ScheduleReaderTest::testReadDeletedSchedule
ok 191 - Icecave\Siphon\Schedule\ScheduleReaderTest::testReadWithUnsupportedRequest
ok 192 - Icecave\Siphon\Schedule\ScheduleReaderTest::testReadNotFound
ok 193 - Icecave\Siphon\Schedule\ScheduleReaderTest::testIsSupported
ok 194 - Icecave\Siphon\Schedule\ScheduleRequestTest::testSport
ok 195 - Icecave\Siphon\Schedule\ScheduleRequestTest::testType
ok 196 - Icecave\Siphon\Schedule\ScheduleRequestTest::testAccept
ok 197 - Icecave\Siphon\Schedule\ScheduleRequestTest::testSerialize
ok 198 - Icecave\Siphon\Schedule\ScheduleRequestTest::testToString
ok 199 - Icecave\Siphon\Schedule\ScheduleResponseTest::testSport
ok 200 - Icecave\Siphon\Schedule\ScheduleResponseTest::testType
ok 201 - Icecave\Siphon\Schedule\ScheduleResponseTest::testIsEmpty
ok 202 - Icecave\Siphon\Schedule\ScheduleResponseTest::testCount
ok 203 - Icecave\Siphon\Schedule\ScheduleResponseTest::testGetIterator
ok 204 - Icecave\Siphon\Schedule\ScheduleResponseTest::testAdd
ok 205 - Icecave\Siphon\Schedule\ScheduleResponseTest::testAddDoesNotDuplicate
ok 206 - Icecave\Siphon\Schedule\ScheduleResponseTest::testRemove
ok 207 - Icecave\Siphon\Schedule\ScheduleResponseTest::testRemoveUnknownSeason
ok 208 - Icecave\Siphon\Schedule\ScheduleResponseTest::testClear
ok 209 - Icecave\Siphon\Schedule\ScheduleResponseTest::testAccept
ok 210 - Icecave\Siphon\Schedule\SeasonTest::testId
ok 211 - Icecave\Siphon\Schedule\SeasonTest::testName
ok 212 - Icecave\Siphon\Schedule\SeasonTest::testStartDate
ok 213 - Icecave\Siphon\Schedule\SeasonTest::testEndDate
ok 214 - Icecave\Siphon\Schedule\SeasonTest::testAdd
ok 215 - Icecave\Siphon\Schedule\SeasonTest::testRemove
ok 216 - Icecave\Siphon\Schedule\SeasonTest::testRemoveWithUnknownCompetition
ok 217 - Icecave\Siphon\Schedule\SeasonTest::testClear
ok 218 - Icecave\Siphon\Schedule\SeasonTest::testIsEmpty
ok 219 - Icecave\Siphon\Schedule\SeasonTest::testCount
ok 220 - Icecave\Siphon\Schedule\SeasonTest::testGetIterator
ok 221 - Icecave\Siphon\Score\BoxScore\BoxScoreReaderTest::testRead
ok 222 - Icecave\Siphon\Score\BoxScore\BoxScoreReaderTest::testReadFinalized
ok 223 - Icecave\Siphon\Score\BoxScore\BoxScoreReaderTest::testReadWithUnsupportedRequest
ok 224 - Icecave\Siphon\Score\BoxScore\BoxScoreReaderTest::testIsSupported
ok 225 - Icecave\Siphon\Score\BoxScore\BoxScoreRequestTest::testSport
ok 226 - Icecave\Siphon\Score\BoxScore\BoxScoreRequestTest::testSeasonName
ok 227 - Icecave\Siphon\Score\BoxScore\BoxScoreRequestTest::testCompetitionId
ok 228 - Icecave\Siphon\Score\BoxScore\BoxScoreRequestTest::testCompetitionIdWithString
ok 229 - Icecave\Siphon\Score\BoxScore\BoxScoreRequestTest::testAccept
ok 230 - Icecave\Siphon\Score\BoxScore\BoxScoreRequestTest::testSerialize
ok 231 - Icecave\Siphon\Score\BoxScore\BoxScoreRequestTest::testToString
ok 232 - Icecave\Siphon\Score\BoxScore\BoxScoreResponseTest::testCompetition
ok 233 - Icecave\Siphon\Score\BoxScore\BoxScoreResponseTest::testHomeTeamStatistics
ok 234 - Icecave\Siphon\Score\BoxScore\BoxScoreResponseTest::testAwayTeamStatistics
ok 235 - Icecave\Siphon\Score\BoxScore\BoxScoreResponseTest::testIsEmpty
ok 236 - Icecave\Siphon\Score\BoxScore\BoxScoreResponseTest::testCount
ok 237 - Icecave\Siphon\Score\BoxScore\BoxScoreResponseTest::testGetIterator
ok 238 - Icecave\Siphon\Score\BoxScore\BoxScoreResponseTest::testAdd
ok 239 - Icecave\Siphon\Score\BoxScore\BoxScoreResponseTest::testAddDoesNotDuplicate
ok 240 - Icecave\Siphon\Score\BoxScore\BoxScoreResponseTest::testRemove
ok 241 - Icecave\Siphon\Score\BoxScore\BoxScoreResponseTest::testRemoveUnknownPlayer
ok 242 - Icecave\Siphon\Score\BoxScore\BoxScoreResponseTest::testClear
ok 243 - Icecave\Siphon\Score\BoxScore\BoxScoreResponseTest::testAccept
ok 244 - Icecave\Siphon\Score\LiveScore\LiveScoreReaderTest::testRead
ok 245 - Icecave\Siphon\Score\LiveScore\LiveScoreReaderTest::testReadBaseball
ok 246 - Icecave\Siphon\Score\LiveScore\LiveScoreReaderTest::testReadSetsCurrentPeriodBasedOnNormalizedPeriodType
ok 247 - Icecave\Siphon\Score\LiveScore\LiveScoreReaderTest::testReadDoesNotSetCurrentPeriodWhenCompetitionHasEnded
ok 248 - Icecave\Siphon\Score\LiveScore\LiveScoreReaderTest::testReadNormalizesPeriodType
ok 249 - Icecave\Siphon\Score\LiveScore\LiveScoreReaderTest::testReadWithUnsupportedRequest
ok 250 - Icecave\Siphon\Score\LiveScore\LiveScoreReaderTest::testIsSupported
ok 251 - Icecave\Siphon\Score\LiveScore\LiveScoreRequestTest::testSport
ok 252 - Icecave\Siphon\Score\LiveScore\LiveScoreRequestTest::testCompetitionId
ok 253 - Icecave\Siphon\Score\LiveScore\LiveScoreRequestTest::testCompetitionIdWithString
ok 254 - Icecave\Siphon\Score\LiveScore\LiveScoreRequestTest::testAccept
ok 255 - Icecave\Siphon\Score\LiveScore\LiveScoreRequestTest::testSerialize
ok 256 - Icecave\Siphon\Score\LiveScore\LiveScoreRequestTest::testToString
ok 257 - Icecave\Siphon\Score\LiveScore\LiveScoreResponseTest::testCompetition
ok 258 - Icecave\Siphon\Score\LiveScore\LiveScoreResponseTest::testScore
ok 259 - Icecave\Siphon\Score\LiveScore\LiveScoreResponseTest::testCurrentPeriod
ok 260 - Icecave\Siphon\Score\LiveScore\LiveScoreResponseTest::testGameTime
ok 261 - Icecave\Siphon\Score\LiveScore\LiveScoreResponseTest::testAccept
ok 262 - Icecave\Siphon\Score\PeriodTest::testType
ok 263 - Icecave\Siphon\Score\PeriodTest::testNumber
ok 264 - Icecave\Siphon\Score\PeriodTest::testHomeScore
ok 265 - Icecave\Siphon\Score\PeriodTest::testAwayScore
ok 266 - Icecave\Siphon\Score\PeriodTypeTest::testMemberBySport
ok 267 - Icecave\Siphon\Score\PeriodTypeTest::testMemberBySportAndValue
ok 268 - Icecave\Siphon\Score\PeriodTypeTest::testMemberBySportAndValueFailure
ok 269 - Icecave\Siphon\Score\PeriodTypeTest::testMemberByCode
ok 270 - Icecave\Siphon\Score\PeriodTypeTest::testMemberByCodeFailure
ok 271 - Icecave\Siphon\Score\PeriodTypeTest::testCode
ok 272 - Icecave\Siphon\Score\PeriodTypeTest::testCodesAreUnique
ok 273 - Icecave\Siphon\Score\PeriodTypeTest::testUsedBy
ok 274 - Icecave\Siphon\Score\ScoreTest::testScore
ok 275 - Icecave\Siphon\Score\ScoreTest::testCount
ok 276 - Icecave\Siphon\Score\ScoreTest::testGetIterator
ok 277 - Icecave\Siphon\Score\SerializerTest::testSerialize with data set "empty" (Icecave\Siphon\Score\Score Object (...))
ok 278 - Icecave\Siphon\Score\SerializerTest::testSerialize with data set "single period" (Icecave\Siphon\Score\Score Object (...))
ok 279 - Icecave\Siphon\Score\SerializerTest::testSerialize with data set "multiple periods" (Icecave\Siphon\Score\Score Object (...))
ok 280 - Icecave\Siphon\Score\SerializerTest::testUnserializeWithInvalidDataArray
ok 281 - Icecave\Siphon\Score\SerializerTest::testUnserializeWithInvalidDataArrayPacking
ok 282 - Icecave\Siphon\SportTest::testFindByComponents
ok 283 - Icecave\Siphon\SportTest::testSportAndLeague
ok 284 - Icecave\Siphon\Statistics\SerializerTest::testSerialize with data set "empty" (Icecave\Siphon\Statistics\StatisticsCollection Object (...))
ok 285 - Icecave\Siphon\Statistics\SerializerTest::testSerialize with data set "empty group" (Icecave\Siphon\Statistics\StatisticsCollection Object (...))
ok 286 - Icecave\Siphon\Statistics\SerializerTest::testSerialize with data set "single group" (Icecave\Siphon\Statistics\StatisticsCollection Object (...))
ok 287 - Icecave\Siphon\Statistics\SerializerTest::testSerialize with data set "multiple groups" (Icecave\Siphon\Statistics\StatisticsCollection Object (...))
ok 288 - Icecave\Siphon\Statistics\SerializerTest::testSerialize with data set "numeric scope value (regression)" (Icecave\Siphon\Statistics\StatisticsCollection Object (...))
ok 289 - Icecave\Siphon\Statistics\SerializerTest::testNumericStringsAreSerializedAsNumbers
ok 290 - Icecave\Siphon\Statistics\SerializerTest::testUnserializeInvalidStringTable
ok 291 - Icecave\Siphon\Statistics\SerializerTest::testUnserializeWithInvalidDataArray
ok 292 - Icecave\Siphon\Statistics\SerializerTest::testUnserializeWithOddDataArray
ok 293 - Icecave\Siphon\Statistics\StatisticsCollectionTest::testConstructorWithNonGroup
ok 294 - Icecave\Siphon\Statistics\StatisticsCollectionTest::testIsEmpty
ok 295 - Icecave\Siphon\Statistics\StatisticsCollectionTest::testCount
ok 296 - Icecave\Siphon\Statistics\StatisticsCollectionTest::testGetIterator
ok 297 - Icecave\Siphon\Statistics\StatisticsGroupTest::testConstructorWithInvalidKey
ok 298 - Icecave\Siphon\Statistics\StatisticsGroupTest::testConstructorWithInvalidScopeType
ok 299 - Icecave\Siphon\Statistics\StatisticsGroupTest::testConstructorWithInvalidScopeValue
ok 300 - Icecave\Siphon\Statistics\StatisticsGroupTest::testConstructorWithInvalidStatisticType
ok 301 - Icecave\Siphon\Statistics\StatisticsGroupTest::testConstructorWithInvalidStatisticValue
ok 302 - Icecave\Siphon\Statistics\StatisticsGroupTest::testKey
ok 303 - Icecave\Siphon\Statistics\StatisticsGroupTest::testScopes
ok 304 - Icecave\Siphon\Statistics\StatisticsGroupTest::testScopeByType
ok 305 - Icecave\Siphon\Statistics\StatisticsGroupTest::testStatistics
ok 306 - Icecave\Siphon\Statistics\StatisticsGroupTest::testStatisticsProjection
ok 307 - Icecave\Siphon\Statistics\StatisticsGroupTest::testStatisticsExpansion
ok 308 - Icecave\Siphon\Statistics\StatisticsGroupTest::testStatisticsExpansionWithExplicitDefault
ok 309 - Icecave\Siphon\Statistics\StatisticsGroupTest::testIsEmpty
ok 310 - Icecave\Siphon\Statistics\StatisticsGroupTest::testCount
ok 311 - Icecave\Siphon\Statistics\StatisticsGroupTest::testGetIterator
ok 312 - Icecave\Siphon\Team\TeamReaderTest::testRead
ok 313 - Icecave\Siphon\Team\TeamReaderTest::testReadWithoutNickName
ok 314 - Icecave\Siphon\Team\TeamReaderTest::testReadIncludesTeamsOutsideConference
ok 315 - Icecave\Siphon\Team\TeamReaderTest::testReadWithUnsupportedRequest
ok 316 - Icecave\Siphon\Team\TeamReaderTest::testIsSupported
ok 317 - Icecave\Siphon\Team\TeamRefTest::testId
ok 318 - Icecave\Siphon\Team\TeamRefTest::testName
ok 319 - Icecave\Siphon\Team\TeamRequestTest::testSport
ok 320 - Icecave\Siphon\Team\TeamRequestTest::testSeasonName
ok 321 - Icecave\Siphon\Team\TeamRequestTest::testAccept
ok 322 - Icecave\Siphon\Team\TeamRequestTest::testSerialize
ok 323 - Icecave\Siphon\Team\TeamRequestTest::testToString
ok 324 - Icecave\Siphon\Team\TeamResponseTest::testSport
ok 325 - Icecave\Siphon\Team\TeamResponseTest::testSeason
ok 326 - Icecave\Siphon\Team\TeamResponseTest::testIsEmpty
ok 327 - Icecave\Siphon\Team\TeamResponseTest::testCount
ok 328 - Icecave\Siphon\Team\TeamResponseTest::testGetIterator
ok 329 - Icecave\Siphon\Team\TeamResponseTest::testAdd
ok 330 - Icecave\Siphon\Team\TeamResponseTest::testAddDoesNotDuplicate
ok 331 - Icecave\Siphon\Team\TeamResponseTest::testRemove
ok 332 - Icecave\Siphon\Team\TeamResponseTest::testRemoveUnknownTeam
ok 333 - Icecave\Siphon\Team\TeamResponseTest::testClear
ok 334 - Icecave\Siphon\Team\TeamResponseTest::testAccept
ok 335 - Icecave\Siphon\Team\TeamTest::testId
ok 336 - Icecave\Siphon\Team\TeamTest::testName
ok 337 - Icecave\Siphon\Team\TeamTest::testNickname
ok 338 - Icecave\Siphon\Team\TeamTest::testAbbreviation
ok 339 - Icecave\Siphon\Team\TeamTest::testDisplayName
ok 340 - Icecave\Siphon\Team\TeamTest::testDisplayNameWithoutNickname
ok 341 - Icecave\Siphon\Util\IdParserTest::testParseInt
ok 342 - Icecave\Siphon\Util\IdParserTest::testParseNumericString
ok 343 - Icecave\Siphon\Util\IdParserTest::testParseString
ok 344 - Icecave\Siphon\Util\IdParserTest::testParseStringWithInvalidType
ok 345 - Icecave\Siphon\Util\IdParserTest::testParseStringWithInvalidSport
ok 346 - Icecave\Siphon\Util\SerializationTest::testSerialize
ok 347 - Icecave\Siphon\Util\SerializationTest::testSerializeWithNonIntegerVersion
ok 348 - Icecave\Siphon\Util\SerializationTest::testSerializeWithInvalidIntegerVersion
ok 349 - Icecave\Siphon\Util\SerializationTest::testUnserialize
ok 350 - Icecave\Siphon\Util\SerializationTest::testUnserializeSelectsCorrectVersion
ok 351 - Icecave\Siphon\Util\SerializationTest::testUnserializeFailureWithUnsupportedVersion
ok 352 - Icecave\Siphon\Util\SerializationTest::testUnserializeFailureWithNonArray
ok 353 - Icecave\Siphon\Util\SerializationTest::testUnserializeFailureWithNoVersion
ok 354 - Icecave\Siphon\Util\URLTest::testStripParameter with data set "not present" ('http://domain/path/?other=true', 'http://domain/path/?other=true')
ok 355 - Icecave\Siphon\Util\URLTest::testStripParameter with data set "only parameter" ('http://domain/path/?key=value', 'http://domain/path/')
ok 356 - Icecave\Siphon\Util\URLTest::testStripParameter with data set "only parameter, no value" ('http://domain/path/?key=', 'http://domain/path/')
ok 357 - Icecave\Siphon\Util\URLTest::testStripParameter with data set "first parameter" ('http://domain/path/?key=value...t=true', 'http://domain/path/?post=true')
ok 358 - Icecave\Siphon\Util\URLTest::testStripParameter with data set "first parameter, no value" ('http://domain/path/?key=&post=true', 'http://domain/path/?post=true')
ok 359 - Icecave\Siphon\Util\URLTest::testStripParameter with data set "last parameter" ('http://domain/path/?pre=true&key=value', 'http://domain/path/?pre=true')
ok 360 - Icecave\Siphon\Util\URLTest::testStripParameter with data set "last parameter, no value" ('http://domain/path/?pre=true&key=', 'http://domain/path/?pre=true')
ok 361 - Icecave\Siphon\Util\URLTest::testStripParameter with data set "middle parameter" ('http://domain/path/?pre=true&...t=true', 'http://domain/path/?pre=true&post=true')
ok 362 - Icecave\Siphon\Util\URLTest::testStripParameter with data set "middle parameter, no value" ('http://domain/path/?pre=true&...t=true', 'http://domain/path/?pre=true&post=true')
ok 363 - Icecave\Siphon\Util\XPathTest::testElement
ok 364 - Icecave\Siphon\Util\XPathTest::testElementFailure
ok 365 - Icecave\Siphon\Util\XPathTest::testElementOrNull
ok 366 - Icecave\Siphon\Util\XPathTest::testElementOrNullFailure
ok 367 - Icecave\Siphon\Util\XPathTest::testString
ok 368 - Icecave\Siphon\Util\XPathTest::testStringFailure
ok 369 - Icecave\Siphon\Util\XPathTest::testStringOrNull
ok 370 - Icecave\Siphon\Util\XPathTest::testStringOrNullFailure
ok 371 - Icecave\Siphon\Util\XPathTest::testNumber
ok 372 - Icecave\Siphon\Util\XPathTest::testNumberFailure
ok 373 - Icecave\Siphon\Util\XPathTest::testNumberFailureWithNonNumeric
ok 374 - Icecave\Siphon\Util\XPathTest::testNumberOrNull
ok 375 - Icecave\Siphon\Util\XPathTest::testNumberOrNullFailure
1..375
